12-12 15:45:21.177  1420  4228 I AppsFilter: interaction: PackageSetting{db68ff9 com.example.openxrtutorialchapter5/10157} -> PackageSetting{7b7512d com.oculus.systemutilities/10076} BLOCKED
12-12 15:45:21.177  1420  4228 I AppsFilter: interaction: PackageSetting{db68ff9 com.example.openxrtutorialchapter5/10157} -> PackageSetting{9977662 com.oculus.firsttimenux/10093} BLOCKED
12-12 15:45:21.177  1420  4228 I AppsFilter: interaction: PackageSetting{db68ff9 com.example.openxrtutorialchapter5/10157} -> PackageSetting{d5b73f3 com.oculus.store/10131} BLOCKED
12-12 15:45:21.178  1420  4228 I AppsFilter: interaction: PackageSetting{db68ff9 com.example.openxrtutorialchapter5/10157} -> PackageSetting{e3698b0 com.oculus.socialplatform/10133} BLOCKED
12-12 15:45:21.178  1420  4228 I AppsFilter: interaction: PackageSetting{db68ff9 com.example.openxrtutorialchapter5/10157} -> PackageSetting{7e4d329 com.oculus.horizonmediaplayer/10102} BLOCKED
12-12 15:45:21.178  1420  4228 I AppsFilter: interaction: PackageSetting{db68ff9 com.example.openxrtutorialchapter5/10157} -> PackageSetting{f7a96ae com.android.webview/10060} BLOCKED
12-12 15:45:21.178  1420  4228 I AppsFilter: interaction: PackageSetting{db68ff9 com.example.openxrtutorialchapter5/10157} -> PackageSetting{9af5c4f com.oculus.vrprivacycheckup/10139} BLOCKED
12-12 15:45:21.178  1420  4228 I AppsFilter: interaction: PackageSetting{db68ff9 com.example.openxrtutorialchapter5/10157} -> PackageSetting{1e48fdc com.meta.shell.env.vista.central/10137} BLOCKED
12-12 15:45:21.178  1420  4228 I AppsFilter: interaction: PackageSetting{db68ff9 com.example.openxrtutorialchapter5/10157} -> PackageSetting{24e78e5 com.oculus.panelapp.library/10075} BLOCKED
12-12 15:45:21.178  1420  4228 I AppsFilter: interaction: PackageSetting{db68ff9 com.example.openxrtutorialchapter5/10157} -> PackageSetting{a5d6fba horizon.platform.providers/10052} BLOCKED
12-12 15:45:21.178  1420  4228 I AppsFilter: interaction: PackageSetting{db68ff9 com.example.openxrtutorialchapter5/10157} -> PackageSetting{5af6e6b com.oculus.systemresource/10122} BLOCKED
12-12 15:45:21.178  1420  4228 I AppsFilter: interaction: PackageSetting{db68ff9 com.example.openxrtutorialchapter5/10157} -> PackageSetting{118cdc8 com.microsoft.rdc.androidx/10119} BLOCKED
12-12 15:45:21.178  1420  4228 I AppsFilter: interaction: PackageSetting{db68ff9 com.example.openxrtutorialchapter5/10157} -> PackageSetting{6f2be61 com.oculus.guardiansetup/10091} BLOCKED
12-12 15:45:21.178  1420  4228 I AppsFilter: interaction: PackageSetting{db68ff9 com.example.openxrtutorialchapter5/10157} -> PackageSetting{b62cd86 com.oculus.hzosgallery/10082} BLOCKED
12-12 15:45:21.178  1420  4228 I AppsFilter: interaction: PackageSetting{db68ff9 com.example.openxrtutorialchapter5/10157} -> PackageSetting{f548647 horizon.platform.service/10053} BLOCKED
12-12 15:45:21.178  1420  4228 I AppsFilter: interaction: PackageSetting{db68ff9 com.example.openxrtutorialchapter5/10157} -> PackageSetting{9d0fe74 com.oculus.os.qrcodereader/10069} BLOCKED
12-12 15:45:21.178  1420  4228 I AppsFilter: interaction: PackageSetting{db68ff9 com.example.openxrtutorialchapter5/10157} -> PackageSetting{d3bdf9d com.android.wifi.resources/10008} BLOCKED
12-12 15:45:21.178  1420  4228 I AppsFilter: interaction: PackageSetting{db68ff9 com.example.openxrtutorialchapter5/10157} -> PackageSetting{10e3c12 com.meta.mqdh.mqdhservice/10147} BLOCKED
12-12 15:45:21.178  1420  4228 I AppsFilter: interaction: PackageSetting{db68ff9 com.example.openxrtutorialchapter5/10157} -> PackageSetting{1493fe3 com.oculus.systemux/10097} BLOCKED
12-12 15:45:21.179  1420  4228 I AppsFilter: interaction: PackageSetting{db68ff9 com.example.openxrtutorialchapter5/10157} -> PackageSetting{a398de0 com.oculus.samples.firsthand/10003} BLOCKED
12-12 15:45:21.179  1420  4228 I AppsFilter: interaction: PackageSetting{db68ff9 com.example.openxrtutorialchapter5/10157} -> PackageSetting{efbd899 com.oculus.oemconfig/10051} BLOCKED
12-12 15:45:21.179  1420  4228 I AppsFilter: interaction: PackageSetting{db68ff9 com.example.openxrtutorialchapter5/10157} -> PackageSetting{c90075e com.meta.handseducationmodule/10136} BLOCKED
12-12 15:45:21.179  1420  4228 I AppsFilter: interaction: PackageSetting{db68ff9 com.example.openxrtutorialchapter5/10157} -> PackageSetting{c45f73f com.oculus.remotedesktop/10111} BLOCKED
12-12 15:45:21.179  1420  4228 I AppsFilter: interaction: PackageSetting{db68ff9 com.example.openxrtutorialchapter5/10157} -> PackageSetting{4d9a80c com.meta.federatedcomputing.oculus/10079} BLOCKED
12-12 15:45:21.179  1420  4228 I AppsFilter: interaction: PackageSetting{db68ff9 com.example.openxrtutorialchapter5/10157} -> PackageSetting{7286555 com.oculus.q4bservice/10057} BLOCKED
12-12 15:45:21.179  1420  4228 I AppsFilter: interaction: PackageSetting{db68ff9 com.example.openxrtutorialchapter5/10157} -> PackageSetting{fd13b6a com.oculus.guidebook/10109} BLOCKED
12-12 15:45:21.179  1420  4228 I AppsFilter: interaction: PackageSetting{db68ff9 com.example.openxrtutorialchapter5/10157} -> PackageSetting{a2cc85b com.oculus.igvr/10143} BLOCKED
12-12 15:45:21.179  1420  4228 I AppsFilter: interaction: PackageSetting{db68ff9 com.example.openxrtutorialchapter5/10157} -> PackageSetting{b7f38f8 com.oculus.mrds/10121} BLOCKED
12-12 15:45:21.179  1420  4228 I AppsFilter: interaction: PackageSetting{db68ff9 com.example.openxrtutorialchapter5/10157} -> PackageSetting{5701d1 com.facebook.orca/10146} BLOCKED
12-12 15:45:21.179  1420  4228 I AppsFilter: interaction: PackageSetting{db68ff9 com.example.openxrtutorialchapter5/10157} -> PackageSetting{3fa436 com.oculus.tv/10085} BLOCKED
12-12 15:45:21.179  1420  4228 I AppsFilter: interaction: PackageSetting{db68ff9 com.example.openxrtutorialchapter5/10157} -> PackageSetting{6e58f37 com.oculus.panelapp.devicepairing/10056} BLOCKED
12-12 15:45:21.179  1420  4228 I AppsFilter: interaction: PackageSetting{db68ff9 com.example.openxrtutorialchapter5/10157} -> PackageSetting{ceaeca4 com.oculus.userserver2/10081} BLOCKED
12-12 15:45:21.179  1420  4228 I AppsFilter: interaction: PackageSetting{db68ff9 com.example.openxrtutorialchapter5/10157} -> PackageSetting{ef8ea0d com.meta.worlds/10054} BLOCKED
12-12 15:45:21.179  1420  4228 I AppsFilter: interaction: PackageSetting{db68ff9 com.example.openxrtutorialchapter5/10157} -> PackageSetting{a59cdc2 com.android.bookmarkprovider/10044} BLOCKED
12-12 15:45:21.179  1420  4228 I AppsFilter: interaction: PackageSetting{db68ff9 com.example.openxrtutorialchapter5/10157} -> PackageSetting{af9e7d3 com.oculus.guardianresources/10110} BLOCKED
12-12 15:45:21.179  1420  4228 I AppsFilter: interaction: PackageSetting{db68ff9 com.example.openxrtutorialchapter5/10157} -> PackageSetting{13c2f10 com.oculus.guardian/10096} BLOCKED
12-12 15:45:21.179  1420  4228 I AppsFilter: interaction: PackageSetting{db68ff9 com.example.openxrtutorialchapter5/10157} -> PackageSetting{3571a09 com.oculus.explore/10127} BLOCKED
12-12 15:45:21.179  1420  4228 I AppsFilter: interaction: PackageSetting{db68ff9 com.example.openxrtutorialchapter5/10157} -> PackageSetting{1fb040e com.meta.hpiassets/10114} BLOCKED
12-12 15:45:21.179  1420  4228 I AppsFilter: interaction: PackageSetting{db68ff9 com.example.openxrtutorialchapter5/10157} -> PackageSetting{206e8e3 com.android.cts.ctsshim/10017} BLOCKED
12-12 15:45:21.179  1420  4228 I AppsFilter: interaction: PackageSetting{db68ff9 com.example.openxrtutorialchapter5/10157} -> PackageSetting{3f12e2f com.oculus.q4b.mdm/10059} BLOCKED
12-12 15:45:21.179  1420  4228 I AppsFilter: interaction: PackageSetting{db68ff9 com.example.openxrtutorialchapter5/10157} -> PackageSetting{11d2c3c com.meta.shell.env.footprint.haven2025/10135} BLOCKED
12-12 15:45:21.179  1420  4228 I AppsFilter: interaction: PackageSetting{db68ff9 com.example.openxrtutorialchapter5/10157} -> PackageSetting{f4e4dc5 com.oculus.permissioncontroller.rro/10001} BLOCKED
12-12 15:45:21.179  1420  4228 I AppsFilter: interaction: PackageSetting{db68ff9 com.example.openxrtutorialchapter5/10157} -> PackageSetting{b67531a com.meta.environment.prod.nuxd/10123} BLOCKED
12-12 15:45:21.179  1420  4228 I AppsFilter: interaction: PackageSetting{db68ff9 com.example.openxrtutorialchapter5/10157} -> PackageSetting{66c7e4b com.oculus.helpcenter/10138} BLOCKED
12-12 15:45:21.179  1420  4228 I AppsFilter: interaction: PackageSetting{db68ff9 com.example.openxrtutorialchapter5/10157} -> PackageSetting{3aed028 com.android.hotspot2.osulogin/10009} BLOCKED
12-12 15:45:21.179  1420  4228 I AppsFilter: interaction: PackageSetting{db68ff9 com.example.openxrtutorialchapter5/10157} -> PackageSetting{bcb0141 com.oculus.quickpromotionservice/10129} BLOCKED
12-12 15:45:21.179  1420  4228 I AppsFilter: interaction: PackageSetting{db68ff9 com.example.openxrtutorialchapter5/10157} -> PackageSetting{91786e6 com.oculus.paracosmaavalanche/10067} BLOCKED
12-12 15:45:21.179  1420  4228 I AppsFilter: interaction: PackageSetting{db68ff9 com.example.openxrtutorialchapter5/10157} -> PackageSetting{602b427 com.facebook.arvr.quillplayer/10141} BLOCKED
12-12 15:45:21.179  1420  4228 I AppsFilter: interaction: PackageSetting{db68ff9 com.example.openxrtutorialchapter5/10157} -> PackageSetting{f34c6d4 com.meta.HyperscapeHmdCapture/10120} BLOCKED
12-12 15:45:21.179  1420  4228 I AppsFilter: interaction: PackageSetting{db68ff9 com.example.openxrtutorialchapter5/10157} -> PackageSetting{a05707d com.android.captiveportallogin/10047} BLOCKED
12-12 15:45:21.179  1420  4228 I AppsFilter: interaction: PackageSetting{db68ff9 com.example.openxrtutorialchapter5/10157} -> PackageSetting{a452b72 com.oculus.panelapp.calendar/10126} BLOCKED
12-12 15:45:21.179  1420  4228 I AppsFilter: interaction: PackageSetting{db68ff9 com.example.openxrtutorialchapter5/10157} -> PackageSetting{edc6bc3 com.oculus.highwindservice/10095} BLOCKED
12-12 15:45:21.179  1420  4228 I AppsFilter: interaction: PackageSetting{db68ff9 com.example.openxrtutorialchapter5/10157} -> PackageSetting{8817c40 com.meta.pclinkservice.server/10065} BLOCKED
12-12 15:45:21.179  1420  4228 I AppsFilter: interaction: PackageSetting{db68ff9 com.example.openxrtutorialchapter5/10157} -> PackageSetting{c7d9779 com.meta.transport/10090} BLOCKED
12-12 15:45:21.179  1420  4228 I AppsFilter: interaction: PackageSetting{db68ff9 com.example.openxrtutorialchapter5/10157} -> PackageSetting{6368cbe com.oculus.configuration/10089} BLOCKED
12-12 15:45:21.205  1122  1911 I RuntimeIpcBroker: [RuntimeIpcBroker] Retrieving service manager for com.example.openxrtutorialchapter5
12-12 15:45:21.205  1122  1911 I RuntimeIpcBroker: [RuntimeIpcBroker] Retrieving permission service [binder] from service manager for com.example.openxrtutorialchapter5
12-12 15:45:21.206  1122  1911 I RuntimeIpcBroker: [RuntimeIpcBroker] Succesfully retrieved permission service [binder] from service manager for com.example.openxrtutorialchapter5
12-12 15:45:21.206  1122  1911 I RuntimeIpcBroker: [RuntimeIpcBroker] Retrieving service manager for com.example.openxrtutorialchapter5
12-12 15:45:21.206  1122  1911 I RuntimeIpcBroker: [RuntimeIpcBroker] Retrieving package_native service [binder] for com.example.openxrtutorialchapter5
12-12 15:45:21.206  1122  1911 I RuntimeIpcBroker: [RuntimeIpcBroker] Succesfully retrieved package_native service [binder] for com.example.openxrtutorialchapter5
12-12 15:45:21.206  1122  1911 I RuntimeIpcBroker: [RuntimeIpcBroker] Attempting to connect: com.example.openxrtutorialchapter5 -- com.example.openxrtutorialchapter5, [uid: 10157, pid: 14349]
12-12 15:45:21.207  1122  1911 I RuntimeIPCService [RUNTIMEIPC]: CreateBrokerConnection: Pre-lock BrokerConnections.Mutex: packageName: com.example.openxrtutorialchapter5, processName: com.example.openxrtutorialchapter5, pid: 14349
12-12 15:45:21.207  1122  1911 I RuntimeIPCService [RUNTIMEIPC]: CreateBrokerConnection: [Client Descriptor - 14349:com.example.openxrtutorialchapter5:com.example.openxrtutorialchapter5] [Connection Id - -1557769692]
12-12 15:45:21.207  1122  1911 I RuntimeIpcBroker: [RuntimeIpcBroker] Connection established for com.example.openxrtutorialchapter5 -- com.example.openxrtutorialchapter5, [uid: 10157, pid: 14349]
12-12 15:45:21.207  1122  1911 V RuntimeIPCService [RUNTIMEIPC]: GetServiceBinder: com.example.openxrtutorialchapter5:com.example.openxrtutorialchapter5:14349
12-12 15:45:21.208  1122  1911 D IPCDataChannelServer [RUNTIMEIPC]: Connected: 2737197604, com.example.openxrtutorialchapter5:com.example.openxrtutorialchapter5:14349
12-12 15:45:21.209  1122  1911 I RuntimeIPCService [RUNTIMEIPC]: SetServerList: com.example.openxrtutorialchapter5:com.example.openxrtutorialchapter5:14349, new servers: [], old servers: []
12-12 15:45:21.211  1779  2593 I RipcServerMgr [RUNTIMEIPC]: HandleClientConnect SUCCESS: Client: com.example.openxrtutorialchapter5:com.example.openxrtutorialchapter5:14349:, Server: com.oculus.systemdriver:com.oculus.vrruntimeservice (gkcache)
12-12 15:45:21.211  1779 14382 I GkCacheQuerierServer: Client 2737194785 from com.example.openxrtutorialchapter5:14349 connected.
12-12 15:45:21.212 14349 14374 I RipcClient [RUNTIMEIPC]: TryToGetIPCResourcesFromServer: RPC_CONNECTOR_CONNECT_TO_SERVER SUCCESS: Client: com.example.openxrtutorialchapter5:com.example.openxrtutorialchapter5:14349, Server: com.oculus.systemdriver:com.oculus.vrruntimeservice:0 (gkcache), Version: 80, Platform: Android, Build Date: Dec  7 2025, Build Time: 12:13:49, BuildMode: shared
12-12 15:45:21.212 14349 14374 I RipcClient [RUNTIMEIPC]: EnsureServerConnection: SUCCESS. Client: com.example.openxrtutorialchapter5:com.example.openxrtutorialchapter5:14349, Server: com.oculus.systemdriver:com.oculus.vrruntimeservice:0 (gkcache)
12-12 15:45:21.212 14349 14374 I RipcClient [RUNTIMEIPC]: [RIPC_CONNECT_LOG] ConnectToServer: SUCCESS: Client: com.example.openxrtutorialchapter5:com.example.openxrtutorialchapter5:14349, Server: com.oculus.systemdriver:com.oculus.vrruntimeservice:0 (gkcache)
12-12 15:45:21.213 14349 14374 I RipcClient [RUNTIMEIPC]: InitServerStateBuffer: SUCCESS. 0, Client: com.example.openxrtutorialchapter5:com.example.openxrtutorialchapter5:14349, Server: com.oculus.systemdriver:com.oculus.vrruntimeservice:0 (gkcache)
12-12 15:45:21.229 14349 14349 W Thread-2: type=1400 audit(0.0:312): avc:  denied  { search } for  name="soc0" dev="sysfs" ino=67101 scontext=u:r:untrusted_app:s0:c157,c256,c512,c768 tcontext=u:object_r:vendor_sysfs_soc:s0 tclass=dir permissive=0 app=com.example.openxrtutorialchapter5
12-12 15:45:21.229 14349 14349 W Thread-2: type=1400 audit(0.0:313): avc:  denied  { search } for  name="soc0" dev="sysfs" ino=67101 scontext=u:r:untrusted_app:s0:c157,c256,c512,c768 tcontext=u:object_r:vendor_sysfs_soc:s0 tclass=dir permissive=0 app=com.example.openxrtutorialchapter5
12-12 15:45:21.229 14349 14349 W Thread-2: type=1400 audit(0.0:314): avc:  denied  { search } for  name="soc0" dev="sysfs" ino=67101 scontext=u:r:untrusted_app:s0:c157,c256,c512,c768 tcontext=u:object_r:vendor_sysfs_soc:s0 tclass=dir permissive=0 app=com.example.openxrtutorialchapter5
12-12 15:45:21.234 14349 14374 I OpenXR  : Checking for permission horizonos.permission.USE_ANCHOR_API of package com.example.openxrtutorialchapter5
12-12 15:45:21.236 14349 14374 I OpenXR  : xrEnumerateInstanceExtensionProperties: skipping extension=`XR_FB_spatial_entity` due to: missing uses-permission string `horizonos.permission.USE_ANCHOR_API` from AndroidManifest in package `com.example.openxrtutorialchapter5`
12-12 15:45:21.237 14349 14374 I OpenXR  : Checking for permission horizonos.permission.USE_ANCHOR_API of package com.example.openxrtutorialchapter5
12-12 15:45:21.237 14349 14374 I OpenXR  : xrEnumerateInstanceExtensionProperties: skipping extension=`XR_FB_spatial_entity_query` due to: missing uses-permission string `horizonos.permission.USE_ANCHOR_API` from AndroidManifest in package `com.example.openxrtutorialchapter5`
12-12 15:45:21.237 14349 14374 I OpenXR  : Checking for permission horizonos.permission.USE_ANCHOR_API of package com.example.openxrtutorialchapter5
12-12 15:45:21.238 14349 14374 I OpenXR  : xrEnumerateInstanceExtensionProperties: skipping extension=`XR_META_spatial_entity_persistence` due to: missing uses-permission string `horizonos.permission.USE_ANCHOR_API` from AndroidManifest in package `com.example.openxrtutorialchapter5`
12-12 15:45:21.238 14349 14374 I OpenXR  : Checking for permission horizonos.permission.USE_ANCHOR_API of package com.example.openxrtutorialchapter5
12-12 15:45:21.239 14349 14374 I OpenXR  : xrEnumerateInstanceExtensionProperties: skipping extension=`XR_META_spatial_entity_discovery` due to: missing uses-permission string `horizonos.permission.USE_ANCHOR_API` from AndroidManifest in package `com.example.openxrtutorialchapter5`
12-12 15:45:21.239 14349 14374 I OpenXR  : Checking for permission horizonos.permission.USE_ANCHOR_API of package com.example.openxrtutorialchapter5
12-12 15:45:21.240 14349 14374 I OpenXR  : xrEnumerateInstanceExtensionProperties: skipping extension=`XR_FB_spatial_entity_storage` due to: missing uses-permission string `horizonos.permission.USE_ANCHOR_API` from AndroidManifest in package `com.example.openxrtutorialchapter5`
12-12 15:45:21.240 14349 14374 I OpenXR  : Checking for permission horizonos.permission.USE_ANCHOR_API of package com.example.openxrtutorialchapter5
12-12 15:45:21.241 14349 14374 I OpenXR  : xrEnumerateInstanceExtensionProperties: skipping extension=`XR_FB_spatial_entity_storage_batch` due to: missing uses-permission string `horizonos.permission.USE_ANCHOR_API` from AndroidManifest in package `com.example.openxrtutorialchapter5`
12-12 15:45:21.241 14349 14374 I OpenXR  : Checking for permission horizonos.permission.IMPORT_EXPORT_IOT_MAP_DATA of package com.example.openxrtutorialchapter5
12-12 15:45:21.242 14349 14374 I OpenXR  : xrEnumerateInstanceExtensionProperties: skipping extension=`XR_FB_spatial_entity_sharing` due to: missing uses-permission string `horizonos.permission.IMPORT_EXPORT_IOT_MAP_DATA` from AndroidManifest in package `com.example.openxrtutorialchapter5`
12-12 15:45:21.242 14349 14374 I OpenXR  : Checking for permission horizonos.permission.IMPORT_EXPORT_IOT_MAP_DATA of package com.example.openxrtutorialchapter5
12-12 15:45:21.243 14349 14374 I OpenXR  : xrEnumerateInstanceExtensionProperties: skipping extension=`XR_META_spatial_entity_sharing` due to: missing uses-permission string `horizonos.permission.IMPORT_EXPORT_IOT_MAP_DATA` from AndroidManifest in package `com.example.openxrtutorialchapter5`
12-12 15:45:21.243 14349 14374 I OpenXR  : Checking for permission horizonos.permission.IMPORT_EXPORT_IOT_MAP_DATA of package com.example.openxrtutorialchapter5
12-12 15:45:21.243 14349 14374 I OpenXR  : xrEnumerateInstanceExtensionProperties: skipping extension=`XR_META_spatial_entity_group_sharing` due to: missing uses-permission string `horizonos.permission.IMPORT_EXPORT_IOT_MAP_DATA` from AndroidManifest in package `com.example.openxrtutorialchapter5`
12-12 15:45:21.243 14349 14374 I OpenXR  : Checking for permission horizonos.permission.USE_ANCHOR_API of package com.example.openxrtutorialchapter5
12-12 15:45:21.244 14349 14374 I OpenXR  : xrEnumerateInstanceExtensionProperties: skipping extension=`XR_FB_spatial_entity_container` due to: missing uses-permission string `horizonos.permission.USE_ANCHOR_API` from AndroidManifest in package `com.example.openxrtutorialchapter5`
12-12 15:45:21.244 14349 14374 I OpenXR  : Checking for permission com.oculus.permission.USE_COLOCATION_DISCOVERY_API of package com.example.openxrtutorialchapter5
12-12 15:45:21.245 14349 14374 I OpenXR  : xrEnumerateInstanceExtensionProperties: skipping extension=`XR_META_colocation_discovery` due to: missing uses-permission string `com.oculus.permission.USE_COLOCATION_DISCOVERY_API` from AndroidManifest in package `com.example.openxrtutorialchapter5`
12-12 15:45:21.245 14349 14374 I OpenXR  : Checking for permission horizonos.permission.USE_ANCHOR_API of package com.example.openxrtutorialchapter5
12-12 15:45:21.246 14349 14374 I OpenXR  : xrEnumerateInstanceExtensionProperties: skipping extension=`XR_FB_scene` due to: missing uses-permission string `horizonos.permission.USE_ANCHOR_API` from AndroidManifest in package `com.example.openxrtutorialchapter5`
12-12 15:45:21.246 14349 14374 I OpenXR  : Checking for permission horizonos.permission.USE_ANCHOR_API of package com.example.openxrtutorialchapter5
12-12 15:45:21.246 14349 14374 I OpenXR  : xrEnumerateInstanceExtensionProperties: skipping extension=`XR_FB_scene_capture` due to: missing uses-permission string `horizonos.permission.USE_ANCHOR_API` from AndroidManifest in package `com.example.openxrtutorialchapter5`
12-12 15:45:21.246 14349 14374 I OpenXR  : Checking for permission horizonos.permission.USE_SCENE of package com.example.openxrtutorialchapter5
12-12 15:45:21.247 14349 14374 I OpenXR  : xrEnumerateInstanceExtensionProperties: skipping extension=`XR_META_spatial_entity_mesh` due to: missing uses-permission string `horizonos.permission.USE_SCENE` from AndroidManifest in package `com.example.openxrtutorialchapter5`
12-12 15:45:21.247 14349 14374 I OpenXR  : Checking for permission horizonos.permission.USE_SCENE of package com.example.openxrtutorialchapter5
12-12 15:45:21.247 14349 14374 I OpenXR  : xrEnumerateInstanceExtensionProperties: skipping extension=`XR_META_spatial_entity_room_mesh` due to: missing uses-permission string `horizonos.permission.USE_SCENE` from AndroidManifest in package `com.example.openxrtutorialchapter5`
12-12 15:45:21.248 14349 14374 I OpenXR  : Checking for permission horizonos.permission.EYE_TRACKING of package com.example.openxrtutorialchapter5
12-12 15:45:21.249 14349 14374 I OpenXR  : xrEnumerateInstanceExtensionProperties: skipping extension=`XR_EXT_eye_gaze_interaction` due to: missing uses-permission string `horizonos.permission.EYE_TRACKING` from AndroidManifest in package `com.example.openxrtutorialchapter5`
12-12 15:45:21.249 14349 14374 I OpenXR  : Checking for permission horizonos.permission.USE_SCENE of package com.example.openxrtutorialchapter5
12-12 15:45:21.250 14349 14374 I OpenXR  : xrEnumerateInstanceExtensionProperties: skipping extension=`XR_META_environment_depth` due to: missing uses-permission string `horizonos.permission.USE_SCENE` from AndroidManifest in package `com.example.openxrtutorialchapter5`
12-12 15:45:21.250 14349 14374 I OpenXR  : Checking for permission horizonos.permission.USE_SCENE of package com.example.openxrtutorialchapter5
12-12 15:45:21.251 14349 14374 I OpenXR  : xrEnumerateInstanceExtensionProperties: skipping extension=`XR_META_environment_raycast` due to: missing uses-permission string `horizonos.permission.USE_SCENE` from AndroidManifest in package `com.example.openxrtutorialchapter5`
12-12 15:45:21.251 14349 14374 I OpenXR  : Checking for permission com.oculus.permission.BOUNDARY_VISIBILITY of package com.example.openxrtutorialchapter5
12-12 15:45:21.251 14349 14374 I OpenXR  : xrEnumerateInstanceExtensionProperties: skipping extension=`XR_META_boundary_visibility` due to: missing uses-permission string `com.oculus.permission.BOUNDARY_VISIBILITY` from AndroidManifest in package `com.example.openxrtutorialchapter5`
12-12 15:45:21.251 14349 14374 I OpenXR  : Checking for permission horizonos.permission.USE_SCENE of package com.example.openxrtutorialchapter5
12-12 15:45:21.252 14349 14374 I OpenXR  : xrEnumerateInstanceExtensionProperties: skipping extension=`XR_META_dynamic_object_tracker` due to: missing uses-permission string `horizonos.permission.USE_SCENE` from AndroidManifest in package `com.example.openxrtutorialchapter5`
12-12 15:45:21.252 14349 14374 I OpenXR  : Checking for permission horizonos.permission.USE_SCENE of package com.example.openxrtutorialchapter5
12-12 15:45:21.252 14349 14374 I OpenXR  : xrEnumerateInstanceExtensionProperties: skipping extension=`XR_META_dynamic_object_keyboard` due to: missing uses-permission string `horizonos.permission.USE_SCENE` from AndroidManifest in package `com.example.openxrtutorialchapter5`
12-12 15:45:21.252 14349 14374 I OpenXR  : Checking for permission horizonos.permission.USE_ANCHOR_API of package com.example.openxrtutorialchapter5
12-12 15:45:21.253 14349 14374 I OpenXR  : xrEnumerateInstanceExtensionProperties: skipping extension=`XR_EXT_spatial_entity` due to: missing uses-permission string `horizonos.permission.USE_ANCHOR_API` from AndroidManifest in package `com.example.openxrtutorialchapter5`
12-12 15:45:21.253 14349 14374 I OpenXR  : Checking for permission horizonos.permission.USE_ANCHOR_API of package com.example.openxrtutorialchapter5
12-12 15:45:21.253 14349 14374 I OpenXR  : xrEnumerateInstanceExtensionProperties: skipping extension=`XR_EXT_spatial_anchor` due to: missing uses-permission string `horizonos.permission.USE_ANCHOR_API` from AndroidManifest in package `com.example.openxrtutorialchapter5`
12-12 15:45:21.254 14349 14374 I OpenXR  : Checking for permission horizonos.permission.USE_SCENE of package com.example.openxrtutorialchapter5
12-12 15:45:21.254 14349 14374 I OpenXR  : xrEnumerateInstanceExtensionProperties: skipping extension=`XR_EXT_spatial_plane_tracking` due to: missing uses-permission string `horizonos.permission.USE_SCENE` from AndroidManifest in package `com.example.openxrtutorialchapter5`
12-12 15:45:21.254 14349 14374 I OpenXR  : Checking for permission horizonos.permission.USE_ANCHOR_API of package com.example.openxrtutorialchapter5
12-12 15:45:21.255 14349 14374 I OpenXR  : xrEnumerateInstanceExtensionProperties: skipping extension=`XR_EXT_spatial_persistence` due to: missing uses-permission string `horizonos.permission.USE_ANCHOR_API` from AndroidManifest in package `com.example.openxrtutorialchapter5`
12-12 15:45:21.255 14349 14374 I OpenXR  : Checking for permission horizonos.permission.USE_ANCHOR_API of package com.example.openxrtutorialchapter5
12-12 15:45:21.255 14349 14374 I OpenXR  : xrEnumerateInstanceExtensionProperties: skipping extension=`XR_EXT_spatial_persistence_operations` due to: missing uses-permission string `horizonos.permission.USE_ANCHOR_API` from AndroidManifest in package `com.example.openxrtutorialchapter5`
12-12 15:45:21.255 14349 14374 I OpenXR  : Checking for permission horizonos.permission.USE_SCENE of package com.example.openxrtutorialchapter5
12-12 15:45:21.256 14349 14374 I OpenXR  : xrEnumerateInstanceExtensionProperties: skipping extension=`XR_EXT_spatial_marker_tracking` due to: missing uses-permission string `horizonos.permission.USE_SCENE` from AndroidManifest in package `com.example.openxrtutorialchapter5`
12-12 15:45:21.269  1779  2591 I RipcServerMgr [RUNTIMEIPC]: HandleClientConnect SUCCESS: Client: com.example.openxrtutorialchapter5:com.example.openxrtutorialchapter5:14349:, Server: com.oculus.systemdriver:com.oculus.vrruntimeservice (HapticsServer)
12-12 15:45:21.269 14349 14374 I RipcClient [RUNTIMEIPC]: TryToGetIPCResourcesFromServer: RPC_CONNECTOR_CONNECT_TO_SERVER SUCCESS: Client: com.example.openxrtutorialchapter5:com.example.openxrtutorialchapter5:14349, Server: com.oculus.systemdriver:com.oculus.vrruntimeservice:0 (HapticsServer), Version: 80, Platform: Android, Build Date: Dec  7 2025, Build Time: 12:13:49, BuildMode: shared
12-12 15:45:21.269 14349 14374 I RipcClient [RUNTIMEIPC]: EnsureServerConnection: SUCCESS. Client: com.example.openxrtutorialchapter5:com.example.openxrtutorialchapter5:14349, Server: com.oculus.systemdriver:com.oculus.vrruntimeservice:0 (HapticsServer)
12-12 15:45:21.269 14349 14374 I RipcClient [RUNTIMEIPC]: [RIPC_CONNECT_LOG] ConnectToServer: SUCCESS: Client: com.example.openxrtutorialchapter5:com.example.openxrtutorialchapter5:14349, Server: com.oculus.systemdriver:com.oculus.vrruntimeservice:0 (HapticsServer)
12-12 15:45:21.276  1779  2591 I RipcServerMgr [RUNTIMEIPC]: HandleClientConnect SUCCESS: Client: com.example.openxrtutorialchapter5:com.example.openxrtutorialchapter5:14349:, Server: com.oculus.systemdriver:com.oculus.vrruntimeservice (HandInputDataServer)
12-12 15:45:21.276 14349 14374 I RipcClient [RUNTIMEIPC]: TryToGetIPCResourcesFromServer: RPC_CONNECTOR_CONNECT_TO_SERVER SUCCESS: Client: com.example.openxrtutorialchapter5:com.example.openxrtutorialchapter5:14349, Server: com.oculus.systemdriver:com.oculus.vrruntimeservice:0 (HandInputDataServer), Version: 80, Platform: Android, Build Date: Dec  7 2025, Build Time: 12:13:49, BuildMode: shared
12-12 15:45:21.276 14349 14374 I RipcClient [RUNTIMEIPC]: EnsureServerConnection: SUCCESS. Client: com.example.openxrtutorialchapter5:com.example.openxrtutorialchapter5:14349, Server: com.oculus.systemdriver:com.oculus.vrruntimeservice:0 (HandInputDataServer)
12-12 15:45:21.276  1779 14392 I TrexHandInputDataServerPlugin: HandInputDataServerRIPC: onClientConnected. 2737194785 name: com.example.openxrtutorialchapter5  process: com.example.openxrtutorialchapter5:14349
12-12 15:45:21.276 14349 14374 I RipcClient [RUNTIMEIPC]: [RIPC_CONNECT_LOG] ConnectToServer: SUCCESS: Client: com.example.openxrtutorialchapter5:com.example.openxrtutorialchapter5:14349, Server: com.oculus.systemdriver:com.oculus.vrruntimeservice:0 (HandInputDataServer)
12-12 15:45:21.282  1779  2591 I RipcServerMgr [RUNTIMEIPC]: HandleClientConnect SUCCESS: Client: com.example.openxrtutorialchapter5:com.example.openxrtutorialchapter5:14349:, Server: com.oculus.systemdriver:com.oculus.vrruntimeservice (ControllerIPCServer)
12-12 15:45:21.283  1779 14398 I TrexControllerServerPlugin: ControllerIPCServer: onClientConnected. 2737194785 name: com.example.openxrtutorialchapter5  process: com.example.openxrtutorialchapter5:14349
12-12 15:45:21.283 14349 14374 I RipcClient [RUNTIMEIPC]: TryToGetIPCResourcesFromServer: RPC_CONNECTOR_CONNECT_TO_SERVER SUCCESS: Client: com.example.openxrtutorialchapter5:com.example.openxrtutorialchapter5:14349, Server: com.oculus.systemdriver:com.oculus.vrruntimeservice:0 (ControllerIPCServer), Version: 80, Platform: Android, Build Date: Dec  7 2025, Build Time: 12:13:49, BuildMode: shared
12-12 15:45:21.283 14349 14374 I RipcClient [RUNTIMEIPC]: EnsureServerConnection: SUCCESS. Client: com.example.openxrtutorialchapter5:com.example.openxrtutorialchapter5:14349, Server: com.oculus.systemdriver:com.oculus.vrruntimeservice:0 (ControllerIPCServer)
12-12 15:45:21.283 14349 14374 I RipcClient [RUNTIMEIPC]: [RIPC_CONNECT_LOG] ConnectToServer: SUCCESS: Client: com.example.openxrtutorialchapter5:com.example.openxrtutorialchapter5:14349, Server: com.oculus.systemdriver:com.oculus.vrruntimeservice:0 (ControllerIPCServer)
12-12 15:45:21.299  1420  4228 I AppsFilter: interaction: PackageSetting{db68ff9 com.example.openxrtutorialchapter5/10157} -> PackageSetting{f03fa6f com.android.cts.priv.ctsshim/10016} BLOCKED
12-12 15:45:21.299  1420  4228 I AppsFilter: interaction: PackageSetting{db68ff9 com.example.openxrtutorialchapter5/10157} -> PackageSetting{bd9a37c com.oculus.avatareditor/10115} BLOCKED
12-12 15:45:21.299  1420  4228 I AppsFilter: interaction: PackageSetting{db68ff9 com.example.openxrtutorialchapter5/10157} -> PackageSetting{9629405 com.oculus.updater/10104} BLOCKED
12-12 15:45:21.299  1420  4228 I AppsFilter: interaction: PackageSetting{db68ff9 com.example.openxrtutorialchapter5/10157} -> PackageSetting{8f0bc5a com.oculus.magicislandcastingservice/10072} BLOCKED
12-12 15:45:21.299  1420  4228 I AppsFilter: interaction: PackageSetting{db68ff9 com.example.openxrtutorialchapter5/10157} -> PackageSetting{f7fce8b com.oculus.captionservice/10100} BLOCKED
12-12 15:45:21.299  1420  4228 I AppsFilter: interaction: PackageSetting{db68ff9 com.example.openxrtutorialchapter5/10157} -> PackageSetting{4db7b68 com.meta.rl.trust.service/10063} BLOCKED
12-12 15:45:21.299  1420  4228 I AppsFilter: interaction: PackageSetting{db68ff9 com.example.openxrtutorialchapter5/10157} -> PackageSetting{b7d6b81 com.facebook.horizon/10098} BLOCKED
12-12 15:45:21.299  1420  4228 I AppsFilter: interaction: PackageSetting{db68ff9 com.example.openxrtutorialchapter5/10157} -> PackageSetting{1ee4426 com.oculus.browser/10132} BLOCKED
12-12 15:45:21.299  1420  4228 I AppsFilter: interaction: PackageSetting{db68ff9 com.example.openxrtutorialchapter5/10157} -> PackageSetting{69ac867 com.android.htmlviewer/10043} BLOCKED
12-12 15:45:21.299  1420  4228 I AppsFilter: interaction: PackageSetting{db68ff9 com.example.openxrtutorialchapter5/10157} -> PackageSetting{fa0e614 com.whatsapp/10142} BLOCKED
12-12 15:45:21.299  1420  4228 I AppsFilter: interaction: PackageSetting{db68ff9 com.example.openxrtutorialchapter5/10157} -> PackageSetting{5143ebd com.oculus.cvp/10128} BLOCKED
12-12 15:45:21.300  1420  4228 I AppsFilter: interaction: PackageSetting{db68ff9 com.example.openxrtutorialchapter5/10157} -> PackageSetting{7ea7cb2 com.oculus.systemintelligence/10080} BLOCKED
12-12 15:45:21.300  1420  4228 I AppsFilter: interaction: PackageSetting{db68ff9 com.example.openxrtutorialchapter5/10157} -> PackageSetting{4818403 com.meta.curio.toybox/10144} BLOCKED
12-12 15:45:21.300  1420  4228 I AppsFilter: interaction: PackageSetting{db68ff9 com.example.openxrtutorialchapter5/10157} -> PackageSetting{eb04f80 com.meta.curio.ruler/10148} BLOCKED
12-12 15:45:21.300  1420  4228 I AppsFilter: interaction: PackageSetting{db68ff9 com.example.openxrtutorialchapter5/10157} -> PackageSetting{64b09b9 com.oculus.accountscenter/10140} BLOCKED
12-12 15:45:21.300  1420  4228 I AppsFilter: interaction: PackageSetting{db68ff9 com.example.openxrtutorialchapter5/10157} -> PackageSetting{a2f5b3e com.oculus.identitymanagement.service/10084} BLOCKED
12-12 15:45:21.300  1420  4228 I AppsFilter: interaction: PackageSetting{db68ff9 com.example.openxrtutorialchapter5/10157} -> PackageSetting{8ffb1fe com.oculus.settings.rro/10002} BLOCKED
12-12 15:45:21.300  1420  4228 I AppsFilter: interaction: PackageSetting{db68ff9 com.example.openxrtutorialchapter5/10157} -> PackageSetting{58e5d5f com.meta.AccountsCenter.pwa/10108} BLOCKED
12-12 15:45:21.300  1420  4228 I AppsFilter: interaction: PackageSetting{db68ff9 com.example.openxrtutorialchapter5/10157} -> PackageSetting{48ae3ac com.oculus.vrshell.desktop/10061} BLOCKED
12-12 15:45:21.300  1420  4228 I AppsFilter: interaction: PackageSetting{db68ff9 com.example.openxrtutorialchapter5/10157} -> PackageSetting{3898875 com.oculus.facebook/10145} BLOCKED
12-12 15:45:21.300  1420  4228 I AppsFilter: interaction: PackageSetting{db68ff9 com.example.openxrtutorialchapter5/10157} -> PackageSetting{8a0f00a com.meta.android.rro/10000} BLOCKED
12-12 15:45:21.300  1420  4228 I AppsFilter: interaction: PackageSetting{db68ff9 com.example.openxrtutorialchapter5/10157} -> PackageSetting{765707b com.oculus.integrity/10105} BLOCKED
12-12 15:45:21.300  1420  4228 I AppsFilter: interaction: PackageSetting{db68ff9 com.example.openxrtutorialchapter5/10157} -> PackageSetting{8988e98 com.android.connectivity.resources/10006} BLOCKED
12-12 15:45:21.300  1420  4228 I AppsFilter: interaction: PackageSetting{db68ff9 com.example.openxrtutorialchapter5/10157} -> PackageSetting{5f736f1 com.android.modulemetadata/10058} BLOCKED
12-12 15:45:21.301  1420  4228 I AppsFilter: interaction: PackageSetting{db68ff9 com.example.openxrtutorialchapter5/10157} -> PackageSetting{c6602d6 com.meta.automation.pauldron.vr/10074} BLOCKED
12-12 15:45:21.301  1420  4228 I AppsFilter: interaction: PackageSetting{db68ff9 com.example.openxrtutorialchapter5/10157} -> PackageSetting{3d09957 com.oculus.panelapp.kiosk/10055} BLOCKED
12-12 15:45:21.301  1420  4228 I AppsFilter: interaction: PackageSetting{db68ff9 com.example.openxrtutorialchapter5/10157} -> PackageSetting{ed3fc44 com.oculus.panelapp.settings/10086} BLOCKED
12-12 15:45:21.301  1420  4228 I AppsFilter: interaction: PackageSetting{db68ff9 com.example.openxrtutorialchapter5/10157} -> PackageSetting{7b7512d com.oculus.systemutilities/10076} BLOCKED
12-12 15:45:21.301  1420  4228 I AppsFilter: interaction: PackageSetting{db68ff9 com.example.openxrtutorialchapter5/10157} -> PackageSetting{9977662 com.oculus.firsttimenux/10093} BLOCKED
12-12 15:45:21.301  1420  4228 I AppsFilter: interaction: PackageSetting{db68ff9 com.example.openxrtutorialchapter5/10157} -> PackageSetting{d5b73f3 com.oculus.store/10131} BLOCKED
12-12 15:45:21.301  1420  4228 I AppsFilter: interaction: PackageSetting{db68ff9 com.example.openxrtutorialchapter5/10157} -> PackageSetting{e3698b0 com.oculus.socialplatform/10133} BLOCKED
12-12 15:45:21.301  1420  4228 I AppsFilter: interaction: PackageSetting{db68ff9 com.example.openxrtutorialchapter5/10157} -> PackageSetting{7e4d329 com.oculus.horizonmediaplayer/10102} BLOCKED
12-12 15:45:21.301  1420  4228 I AppsFilter: interaction: PackageSetting{db68ff9 com.example.openxrtutorialchapter5/10157} -> PackageSetting{f7a96ae com.android.webview/10060} BLOCKED
12-12 15:45:21.301  1420  4228 I AppsFilter: interaction: PackageSetting{db68ff9 com.example.openxrtutorialchapter5/10157} -> PackageSetting{9af5c4f com.oculus.vrprivacycheckup/10139} BLOCKED
12-12 15:45:21.301  1420  4228 I AppsFilter: interaction: PackageSetting{db68ff9 com.example.openxrtutorialchapter5/10157} -> PackageSetting{1e48fdc com.meta.shell.env.vista.central/10137} BLOCKED
12-12 15:45:21.301  1420  4228 I AppsFilter: interaction: PackageSetting{db68ff9 com.example.openxrtutorialchapter5/10157} -> PackageSetting{24e78e5 com.oculus.panelapp.library/10075} BLOCKED
12-12 15:45:21.301  1420  4228 I AppsFilter: interaction: PackageSetting{db68ff9 com.example.openxrtutorialchapter5/10157} -> PackageSetting{a5d6fba horizon.platform.providers/10052} BLOCKED
12-12 15:45:21.301  1420  4228 I AppsFilter: interaction: PackageSetting{db68ff9 com.example.openxrtutorialchapter5/10157} -> PackageSetting{5af6e6b com.oculus.systemresource/10122} BLOCKED
12-12 15:45:21.301  1420  4228 I AppsFilter: interaction: PackageSetting{db68ff9 com.example.openxrtutorialchapter5/10157} -> PackageSetting{118cdc8 com.microsoft.rdc.androidx/10119} BLOCKED
12-12 15:45:21.301  1420  4228 I AppsFilter: interaction: PackageSetting{db68ff9 com.example.openxrtutorialchapter5/10157} -> PackageSetting{6f2be61 com.oculus.guardiansetup/10091} BLOCKED
12-12 15:45:21.301  1420  4228 I AppsFilter: interaction: PackageSetting{db68ff9 com.example.openxrtutorialchapter5/10157} -> PackageSetting{b62cd86 com.oculus.hzosgallery/10082} BLOCKED
12-12 15:45:21.301  1420  4228 I AppsFilter: interaction: PackageSetting{db68ff9 com.example.openxrtutorialchapter5/10157} -> PackageSetting{f548647 horizon.platform.service/10053} BLOCKED
12-12 15:45:21.301  1420  4228 I AppsFilter: interaction: PackageSetting{db68ff9 com.example.openxrtutorialchapter5/10157} -> PackageSetting{9d0fe74 com.oculus.os.qrcodereader/10069} BLOCKED
12-12 15:45:21.301  1420  4228 I AppsFilter: interaction: PackageSetting{db68ff9 com.example.openxrtutorialchapter5/10157} -> PackageSetting{d3bdf9d com.android.wifi.resources/10008} BLOCKED
12-12 15:45:21.301  1420  4228 I AppsFilter: interaction: PackageSetting{db68ff9 com.example.openxrtutorialchapter5/10157} -> PackageSetting{10e3c12 com.meta.mqdh.mqdhservice/10147} BLOCKED
12-12 15:45:21.301  1420  4228 I AppsFilter: interaction: PackageSetting{db68ff9 com.example.openxrtutorialchapter5/10157} -> PackageSetting{1493fe3 com.oculus.systemux/10097} BLOCKED
12-12 15:45:21.301  1420  4228 I AppsFilter: interaction: PackageSetting{db68ff9 com.example.openxrtutorialchapter5/10157} -> PackageSetting{a398de0 com.oculus.samples.firsthand/10003} BLOCKED
12-12 15:45:21.301  1420  4228 I AppsFilter: interaction: PackageSetting{db68ff9 com.example.openxrtutorialchapter5/10157} -> PackageSetting{efbd899 com.oculus.oemconfig/10051} BLOCKED
12-12 15:45:21.301  1420  4228 I AppsFilter: interaction: PackageSetting{db68ff9 com.example.openxrtutorialchapter5/10157} -> PackageSetting{c90075e com.meta.handseducationmodule/10136} BLOCKED
12-12 15:45:21.301  1420  4228 I AppsFilter: interaction: PackageSetting{db68ff9 com.example.openxrtutorialchapter5/10157} -> PackageSetting{c45f73f com.oculus.remotedesktop/10111} BLOCKED
12-12 15:45:21.301  1420  4228 I AppsFilter: interaction: PackageSetting{db68ff9 com.example.openxrtutorialchapter5/10157} -> PackageSetting{4d9a80c com.meta.federatedcomputing.oculus/10079} BLOCKED
12-12 15:45:21.301  1420  4228 I AppsFilter: interaction: PackageSetting{db68ff9 com.example.openxrtutorialchapter5/10157} -> PackageSetting{7286555 com.oculus.q4bservice/10057} BLOCKED
12-12 15:45:21.301  1420  4228 I AppsFilter: interaction: PackageSetting{db68ff9 com.example.openxrtutorialchapter5/10157} -> PackageSetting{fd13b6a com.oculus.guidebook/10109} BLOCKED
12-12 15:45:21.301  1420  4228 I AppsFilter: interaction: PackageSetting{db68ff9 com.example.openxrtutorialchapter5/10157} -> PackageSetting{a2cc85b com.oculus.igvr/10143} BLOCKED
12-12 15:45:21.301  1420  4228 I AppsFilter: interaction: PackageSetting{db68ff9 com.example.openxrtutorialchapter5/10157} -> PackageSetting{b7f38f8 com.oculus.mrds/10121} BLOCKED
12-12 15:45:21.301  1420  4228 I AppsFilter: interaction: PackageSetting{db68ff9 com.example.openxrtutorialchapter5/10157} -> PackageSetting{5701d1 com.facebook.orca/10146} BLOCKED
12-12 15:45:21.301  1420  4228 I AppsFilter: interaction: PackageSetting{db68ff9 com.example.openxrtutorialchapter5/10157} -> PackageSetting{3fa436 com.oculus.tv/10085} BLOCKED
12-12 15:45:21.301  1420  4228 I AppsFilter: interaction: PackageSetting{db68ff9 com.example.openxrtutorialchapter5/10157} -> PackageSetting{6e58f37 com.oculus.panelapp.devicepairing/10056} BLOCKED
12-12 15:45:21.301  1420  4228 I AppsFilter: interaction: PackageSetting{db68ff9 com.example.openxrtutorialchapter5/10157} -> PackageSetting{ceaeca4 com.oculus.userserver2/10081} BLOCKED
12-12 15:45:21.301  1420  4228 I AppsFilter: interaction: PackageSetting{db68ff9 com.example.openxrtutorialchapter5/10157} -> PackageSetting{ef8ea0d com.meta.worlds/10054} BLOCKED
12-12 15:45:21.301  1420  4228 I AppsFilter: interaction: PackageSetting{db68ff9 com.example.openxrtutorialchapter5/10157} -> PackageSetting{a59cdc2 com.android.bookmarkprovider/10044} BLOCKED
12-12 15:45:21.301  1420  4228 I AppsFilter: interaction: PackageSetting{db68ff9 com.example.openxrtutorialchapter5/10157} -> PackageSetting{af9e7d3 com.oculus.guardianresources/10110} BLOCKED
12-12 15:45:21.301  1420  4228 I AppsFilter: interaction: PackageSetting{db68ff9 com.example.openxrtutorialchapter5/10157} -> PackageSetting{13c2f10 com.oculus.guardian/10096} BLOCKED
12-12 15:45:21.301  1420  4228 I AppsFilter: interaction: PackageSetting{db68ff9 com.example.openxrtutorialchapter5/10157} -> PackageSetting{3571a09 com.oculus.explore/10127} BLOCKED
12-12 15:45:21.302  1420  4228 I AppsFilter: interaction: PackageSetting{db68ff9 com.example.openxrtutorialchapter5/10157} -> PackageSetting{1fb040e com.meta.hpiassets/10114} BLOCKED
12-12 15:45:21.302  1420  4228 I AppsFilter: interaction: PackageSetting{db68ff9 com.example.openxrtutorialchapter5/10157} -> PackageSetting{206e8e3 com.android.cts.ctsshim/10017} BLOCKED
12-12 15:45:21.302  1420  4228 I AppsFilter: interaction: PackageSetting{db68ff9 com.example.openxrtutorialchapter5/10157} -> PackageSetting{3f12e2f com.oculus.q4b.mdm/10059} BLOCKED
12-12 15:45:21.302  1420  4228 I AppsFilter: interaction: PackageSetting{db68ff9 com.example.openxrtutorialchapter5/10157} -> PackageSetting{11d2c3c com.meta.shell.env.footprint.haven2025/10135} BLOCKED
12-12 15:45:21.302  1420  4228 I AppsFilter: interaction: PackageSetting{db68ff9 com.example.openxrtutorialchapter5/10157} -> PackageSetting{f4e4dc5 com.oculus.permissioncontroller.rro/10001} BLOCKED
12-12 15:45:21.302  1420  4228 I AppsFilter: interaction: PackageSetting{db68ff9 com.example.openxrtutorialchapter5/10157} -> PackageSetting{b67531a com.meta.environment.prod.nuxd/10123} BLOCKED
12-12 15:45:21.302  1420  4228 I AppsFilter: interaction: PackageSetting{db68ff9 com.example.openxrtutorialchapter5/10157} -> PackageSetting{66c7e4b com.oculus.helpcenter/10138} BLOCKED
12-12 15:45:21.302  1420  4228 I AppsFilter: interaction: PackageSetting{db68ff9 com.example.openxrtutorialchapter5/10157} -> PackageSetting{3aed028 com.android.hotspot2.osulogin/10009} BLOCKED
12-12 15:45:21.302  1420  4228 I AppsFilter: interaction: PackageSetting{db68ff9 com.example.openxrtutorialchapter5/10157} -> PackageSetting{bcb0141 com.oculus.quickpromotionservice/10129} BLOCKED
12-12 15:45:21.302  1420  4228 I AppsFilter: interaction: PackageSetting{db68ff9 com.example.openxrtutorialchapter5/10157} -> PackageSetting{91786e6 com.oculus.paracosmaavalanche/10067} BLOCKED
12-12 15:45:21.302  1420  4228 I AppsFilter: interaction: PackageSetting{db68ff9 com.example.openxrtutorialchapter5/10157} -> PackageSetting{602b427 com.facebook.arvr.quillplayer/10141} BLOCKED
12-12 15:45:21.302  1420  4228 I AppsFilter: interaction: PackageSetting{db68ff9 com.example.openxrtutorialchapter5/10157} -> PackageSetting{f34c6d4 com.meta.HyperscapeHmdCapture/10120} BLOCKED
12-12 15:45:21.302  1420  4228 I AppsFilter: interaction: PackageSetting{db68ff9 com.example.openxrtutorialchapter5/10157} -> PackageSetting{a05707d com.android.captiveportallogin/10047} BLOCKED
12-12 15:45:21.302  1420  4228 I AppsFilter: interaction: PackageSetting{db68ff9 com.example.openxrtutorialchapter5/10157} -> PackageSetting{a452b72 com.oculus.panelapp.calendar/10126} BLOCKED
12-12 15:45:21.302  1420  4228 I AppsFilter: interaction: PackageSetting{db68ff9 com.example.openxrtutorialchapter5/10157} -> PackageSetting{edc6bc3 com.oculus.highwindservice/10095} BLOCKED
12-12 15:45:21.302  1420  4228 I AppsFilter: interaction: PackageSetting{db68ff9 com.example.openxrtutorialchapter5/10157} -> PackageSetting{8817c40 com.meta.pclinkservice.server/10065} BLOCKED
12-12 15:45:21.302  1420  4228 I AppsFilter: interaction: PackageSetting{db68ff9 com.example.openxrtutorialchapter5/10157} -> PackageSetting{c7d9779 com.meta.transport/10090} BLOCKED
12-12 15:45:21.302  1420  4228 I AppsFilter: interaction: PackageSetting{db68ff9 com.example.openxrtutorialchapter5/10157} -> PackageSetting{6368cbe com.oculus.configuration/10089} BLOCKED
12-12 15:45:21.312  1779  2591 I RipcServerMgr [RUNTIMEIPC]: HandleClientConnect SUCCESS: Client: com.example.openxrtutorialchapter5:com.example.openxrtutorialchapter5:14349:, Server: com.oculus.systemdriver:com.oculus.vrruntimeservice (RuntimeServiceDevice)
12-12 15:45:21.312 14349 14374 I RipcClient [RUNTIMEIPC]: TryToGetIPCResourcesFromServer: RPC_CONNECTOR_CONNECT_TO_SERVER SUCCESS: Client: com.example.openxrtutorialchapter5:com.example.openxrtutorialchapter5:14349, Server: com.oculus.systemdriver:com.oculus.vrruntimeservice:0 (RuntimeServiceDevice), Version: 80, Platform: Android, Build Date: Dec  7 2025, Build Time: 12:13:49, BuildMode: shared
12-12 15:45:21.312 14349 14374 I RipcClient [RUNTIMEIPC]: EnsureServerConnection: SUCCESS. Client: com.example.openxrtutorialchapter5:com.example.openxrtutorialchapter5:14349, Server: com.oculus.systemdriver:com.oculus.vrruntimeservice:0 (RuntimeServiceDevice)
12-12 15:45:21.312 14349 14374 I RipcClient [RUNTIMEIPC]: [RIPC_CONNECT_LOG] ConnectToServer: SUCCESS: Client: com.example.openxrtutorialchapter5:com.example.openxrtutorialchapter5:14349, Server: com.oculus.systemdriver:com.oculus.vrruntimeservice:0 (RuntimeServiceDevice)
12-12 15:45:21.313 14349 14374 I RipcClient [RUNTIMEIPC]: ReleaseRef: Remaining refs: 0, Client: com.example.openxrtutorialchapter5:com.example.openxrtutorialchapter5:14349, Server: com.oculus.systemdriver:com.oculus.vrruntimeservice:0 (RuntimeServiceDevice)
12-12 15:45:21.313 14349 14374 W RipcClient [RUNTIMEIPC]: [RIPC_CONNECT_LOG] DisconnectFromServer: Not connected: 0, Client: com.example.openxrtutorialchapter5:com.example.openxrtutorialchapter5:14349, Server: com.oculus.systemdriver:com.oculus.vrruntimeservice:0 (RuntimeServiceDevice)
12-12 15:45:21.313 14349 14374 I RipcClient [RUNTIMEIPC]: [RIPC_CONNECT_LOG] Shutdown: clientId: 16777222, Client: com.example.openxrtutorialchapter5:com.example.openxrtutorialchapter5:14349, Server: com.oculus.systemdriver:com.oculus.vrruntimeservice:0 (RuntimeServiceDevice), SUCCESS
12-12 15:45:21.313 14349 14374 I RipcClientMgr [RUNTIMEIPC]: [RIPC_CONNECT_LOG] DisconnectFromServer DONE: clientId: 16777222, Client: com.example.openxrtutorialchapter5:com.example.openxrtutorialchapter5:14349, Server: com.oculus.systemdriver:com.oculus.vrruntimeservice:0 (RuntimeServiceDevice)
12-12 15:45:21.313  1779  1847 I RipcServerClientHandler [RUNTIMEIPC]: [RIPC_CONNECT_LOG] RipcServerClientHandler::Shutdown: Client: com.example.openxrtutorialchapter5:com.example.openxrtutorialchapter5:14349:, Server: com.oculus.systemdriver:com.oculus.vrruntimeservice (RuntimeServiceDevice)
12-12 15:45:21.321 14349 14374 F libc    : Fatal signal 5 (SIGTRAP), code -6 (SI_TKILL) in tid 14374 (Thread-2), pid 14349 (utorialchapter5)
12-12 15:45:21.533 14410 14410 F DEBUG   : APK-Location: /data/app/~~mk9BPB-4rcFu_Yh_JF6etQ==/com.example.openxrtutorialchapter5-FAeITC7JB8ejobYGib8VsA==/base.apk
12-12 15:45:21.534 14410 14410 F DEBUG   : Cmdline: com.example.openxrtutorialchapter5
12-12 15:45:21.534 14410 14410 F DEBUG   : pid: 14349, tid: 14374, name: Thread-2  >>> com.example.openxrtutorialchapter5 <<<
12-12 15:45:21.534 14410 14410 F DEBUG   :       #01 pc 00000000000c9400  /data/app/~~mk9BPB-4rcFu_Yh_JF6etQ==/com.example.openxrtutorialchapter5-FAeITC7JB8ejobYGib8VsA==/lib/arm64/libOpenXRTutorialChapter5.so (OpenXRMessageCallbackFunction(unsigned long, unsigned long, XrDebugUtilsMessengerCallbackDataEXT const*, void*)+600) (BuildId: fdfddcbdc317498938b8a949af1b18604c2350dc)
12-12 15:45:21.534 14410 14410 F DEBUG   :       #05 pc 00000000000b77f8  /data/app/~~mk9BPB-4rcFu_Yh_JF6etQ==/com.example.openxrtutorialchapter5-FAeITC7JB8ejobYGib8VsA==/lib/arm64/libopenxr_loader.so (xrSuggestInteractionProfileBindings+116) (BuildId: d301d09ea2302661d574235a72c15b3c407f3eb3)
